> add x 1
> value x
1
> print
-->[ "x"=1 ]--E
> end
